******************************************************************************
                  MSP430 Linker PC v16.9.1                     
******************************************************************************
>> Linked Sat Aug 19 11:25:39 2017

OUTPUT FILE NAME:   <msp430_usi_i2c.out>
ENTRY POINT SYMBOL: "_c_int00_noargs_noexit"  address: 0000e5e0


MEMORY CONFIGURATION

         name            origin    length      used     unused   attr    fill
----------------------  --------  ---------  --------  --------  ----  --------
  SFR                   00000000   00000010  00000000  00000010  RWIX
  PERIPHERALS_8BIT      00000010   000000f0  00000000  000000f0  RWIX
  PERIPHERALS_16BIT     00000100   00000100  00000000  00000100  RWIX
  RAM                   00000200   00000100  0000005a  000000a6  RWIX
  INFOD                 00001000   00000040  00000000  00000040  RWIX
  INFOC                 00001040   00000040  00000000  00000040  RWIX
  INFOB                 00001080   00000040  00000000  00000040  RWIX
  INFOA                 000010c0   00000040  00000000  00000040  RWIX
  FLASH                 0000e000   00001fe0  000006ba  00001926  RWIX
  INT00                 0000ffe0   00000002  00000000  00000002  RWIX
  INT01                 0000ffe2   00000002  00000000  00000002  RWIX
  INT02                 0000ffe4   00000002  00000002  00000000  RWIX
  INT03                 0000ffe6   00000002  00000002  00000000  RWIX
  INT04                 0000ffe8   00000002  00000002  00000000  RWIX
  INT05                 0000ffea   00000002  00000002  00000000  RWIX
  INT06                 0000ffec   00000002  00000000  00000002  RWIX
  INT07                 0000ffee   00000002  00000000  00000002  RWIX
  INT08                 0000fff0   00000002  00000002  00000000  RWIX
  INT09                 0000fff2   00000002  00000002  00000000  RWIX
  INT10                 0000fff4   00000002  00000002  00000000  RWIX
  INT11                 0000fff6   00000002  00000002  00000000  RWIX
  INT12                 0000fff8   00000002  00000000  00000002  RWIX
  INT13                 0000fffa   00000002  00000000  00000002  RWIX
  INT14                 0000fffc   00000002  00000002  00000000  RWIX
  RESET                 0000fffe   00000002  00000002  00000000  RWIX


SECTION ALLOCATION MAP

 output                                  attributes/
section   page    origin      length       input sections
--------  ----  ----------  ----------   ----------------
.bss       0    00000200    00000008     UNINITIALIZED
                  00000200    00000008     usi_i2c.obj (.bss)

.data      0    00000208    00000002     UNINITIALIZED
                  00000208    00000002     usi_i2c.obj (.data)

.stack     0    000002b0    00000050     UNINITIALIZED
                  000002b0    00000002     rts430_eabi.lib : boot.obj (.stack)
                  000002b2    0000004e     --HOLE--

.text      0    0000e000    0000067e     
                  0000e000    000001ce     usi_i2c.obj (.text:USI_TXRX)
                  0000e1ce    0000009c     main.obj (.text:startAD1115_conv)
                  0000e26a    0000009a     main.obj (.text:readAD1115)
                  0000e304    0000007c     rts430_eabi.lib : copy_decompress_lzss.obj (.text:decompress:lzss:__TI_decompress_lzss)
                  0000e380    0000006e                     : autoinit.obj (.text:_auto_init)
                  0000e3ee    00000066     main.obj (.text:main)
                  0000e454    0000005a     rts430_eabi.lib : cpy_tbl.obj (.text:copy_in)
                  0000e4ae    0000004c                     : lsr16.obj (.text)
                  0000e4fa    0000002c                     : asr16.obj (.text)
                  0000e526    0000002c                     : lsl16.obj (.text)
                  0000e552    0000002a     usi_i2c.obj (.text:i2c_init)
                  0000e57c    00000022     main.obj (.text:readAD1115_configReg)
                  0000e59e    00000022     main.obj (.text:readAD1115_convReg)
                  0000e5c0    00000020     usi_i2c.obj (.text:i2c_send_sequence)
                  0000e5e0    0000001a     rts430_eabi.lib : boot_special.obj (.text:_c_int00_noargs_noexit)
                  0000e5fa    00000014                     : copy_zero_init.obj (.text:decompress:ZI:__TI_zero_init)
                  0000e60e    00000014                     : memset.obj (.text:memset)
                  0000e622    00000014                     : mult16.obj (.text)
                  0000e636    00000012                     : copy_decompress_none.obj (.text:decompress:none:__TI_decompress_none)
                  0000e648    00000012                     : memcpy.obj (.text:memcpy)
                  0000e65a    00000010                     : epilog.obj (.text)
                  0000e66a    00000008                     : isr_trap.obj (.text:_isr:__TI_ISR_TRAP)
                  0000e672    00000006                     : exit.obj (.text:abort)
                  0000e678    00000004                     : pre_init.obj (.text:_system_pre_init)
                  0000e67c    00000002                     : startup.obj (.text:_system_post_cinit)

.binit     0    0000e000    00000000     

.const     0    0000e67e    00000024     
                  0000e67e    0000000c     main.obj (.const:$P$T0$1)
                  0000e68a    0000000c     main.obj (.const:$P$T2$3)
                  0000e696    00000008     main.obj (.const:$P$T1$2)
                  0000e69e    00000004     main.obj (.const)

.cinit     0    0000e6a2    00000018     
                  0000e6a2    00000006     (.cinit..data.load) [load image]
                  0000e6a8    00000006     (__TI_handler_table)
                  0000e6ae    00000004     (.cinit..bss.load) [load image, compression = zero_init]
                  0000e6b2    00000008     (__TI_cinit_table)

.init_array 
*          0    0000e000    00000000     UNINITIALIZED

PORT1      0    0000ffe4    00000002     
                  0000ffe4    00000002     rts430_eabi.lib : int02.obj (.int02)

PORT2      0    0000ffe6    00000002     
                  0000ffe6    00000002     rts430_eabi.lib : int03.obj (.int03)

USI        0    0000ffe8    00000002     
                  0000ffe8    00000002     usi_i2c.obj (.int04)

ADC10      0    0000ffea    00000002     
                  0000ffea    00000002     rts430_eabi.lib : int05.obj (.int05)

TIMER0_A1 
*          0    0000fff0    00000002     
                  0000fff0    00000002     rts430_eabi.lib : int08.obj (.int08)

TIMER0_A0 
*          0    0000fff2    00000002     
                  0000fff2    00000002     rts430_eabi.lib : int09.obj (.int09)

WDT        0    0000fff4    00000002     
                  0000fff4    00000002     rts430_eabi.lib : int10.obj (.int10)

COMPARATORA 
*          0    0000fff6    00000002     
                  0000fff6    00000002     rts430_eabi.lib : int11.obj (.int11)

NMI        0    0000fffc    00000002     
                  0000fffc    00000002     rts430_eabi.lib : int14.obj (.int14)

.reset     0    0000fffe    00000002     
                  0000fffe    00000002     rts430_eabi.lib : boot.obj (.reset)

MODULE SUMMARY

       Module                     code   ro data   rw data
       ------                     ----   -------   -------
    .\
       usi_i2c.obj                536    2         10     
       main.obj                   480    36        0      
    +--+--------------------------+------+---------+---------+
       Total:                     1016   38        10     
                                                          
    D:\CCS\ccsv7\tools\compiler\ti-cgt-msp430_16.9.1.LTS\lib\rts430_eabi.lib
       copy_decompress_lzss.obj   124    0         0      
       autoinit.obj               110    0         0      
       cpy_tbl.obj                90     0         0      
       lsr16.obj                  76     0         0      
       asr16.obj                  44     0         0      
       lsl16.obj                  44     0         0      
       boot_special.obj           26     0         0      
       copy_zero_init.obj         20     0         0      
       memset.obj                 20     0         0      
       mult16.obj                 20     0         0      
       copy_decompress_none.obj   18     0         0      
       memcpy.obj                 18     0         0      
       epilog.obj                 16     0         0      
       isr_trap.obj               8      0         0      
       exit.obj                   6      0         0      
       pre_init.obj               4      0         0      
       boot.obj                   0      2         0      
       int02.obj                  0      2         0      
       int03.obj                  0      2         0      
       int05.obj                  0      2         0      
       int08.obj                  0      2         0      
       int09.obj                  0      2         0      
       int10.obj                  0      2         0      
       int11.obj                  0      2         0      
       int14.obj                  0      2         0      
       startup.obj                2      0         0      
    +--+--------------------------+------+---------+---------+
       Total:                     646    18        0      
                                                          
       Stack:                     0      0         80     
       Linker Generated:          0      24        0      
    +--+--------------------------+------+---------+---------+
       Grand Total:               1662   80        90     


LINKER GENERATED COPY TABLES

__TI_cinit_table @ 0000e6b2 records: 2, size/record: 4, table size: 8
	.data: load addr=0000e6a2, load size=00000006 bytes, run addr=00000208, run size=00000002 bytes, compression=copy
	.bss: load addr=0000e6ae, load size=00000004 bytes, run addr=00000200, run size=00000008 bytes, compression=zero_init


LINKER GENERATED HANDLER TABLE

__TI_handler_table @ 0000e6a8 records: 3, size/record: 2, table size: 6
	index: 0, handler: __TI_zero_init
	index: 1, handler: __TI_decompress_lzss
	index: 2, handler: __TI_decompress_none


GLOBAL SYMBOLS: SORTED ALPHABETICALLY BY Name 

address   name                    
-------   ----                    
0000004a  ADC10AE0                
000001b0  ADC10CTL0               
000001b2  ADC10CTL1               
00000048  ADC10DTC0               
00000049  ADC10DTC1               
000001b4  ADC10MEM                
000001bc  ADC10SA                 
00000057  BCSCTL1                 
00000058  BCSCTL2                 
00000053  BCSCTL3                 
0000e672  C$$EXIT                 
00000059  CACTL1                  
0000005a  CACTL2                  
000010fb  CALBC1_12MHZ            
000010f9  CALBC1_16MHZ            
000010ff  CALBC1_1MHZ             
000010fd  CALBC1_8MHZ             
000010fa  CALDCO_12MHZ            
000010f8  CALDCO_16MHZ            
000010fe  CALDCO_1MHZ             
000010fc  CALDCO_8MHZ             
0000005b  CAPD                    
00000056  DCOCTL                  
00000128  FCTL1                   
0000012a  FCTL2                   
0000012c  FCTL3                   
00000000  IE1                     
00000002  IFG1                    
00000022  P1DIR                   
00000025  P1IE                    
00000024  P1IES                   
00000023  P1IFG                   
00000020  P1IN                    
00000021  P1OUT                   
00000027  P1REN                   
00000026  P1SEL                   
00000041  P1SEL2                  
0000002a  P2DIR                   
0000002d  P2IE                    
0000002c  P2IES                   
0000002b  P2IFG                   
00000028  P2IN                    
00000029  P2OUT                   
0000002f  P2REN                   
0000002e  P2SEL                   
00000042  P2SEL2                  
00000172  TA0CCR0                 
00000174  TA0CCR1                 
00000176  TA0CCR2                 
00000162  TA0CCTL0                
00000164  TA0CCTL1                
00000166  TA0CCTL2                
00000160  TA0CTL                  
0000012e  TA0IV                   
00000170  TA0R                    
000010db  TLV_ADC10_1_LEN         
000010da  TLV_ADC10_1_TAG         
000010c0  TLV_CHECKSUM            
000010f7  TLV_DCO_30_LEN          
000010f6  TLV_DCO_30_TAG          
0000007a  USICCTL                 
0000007a  USICKCTL                
0000007b  USICNT                  
00000078  USICTL                  
00000078  USICTL0                 
00000079  USICTL1                 
0000007c  USISR                   
0000007d  USISRH                  
0000007c  USISRL                  
0000e000  USI_TXRX                
00000120  WDTCTL                  
00000300  __STACK_END             
00000050  __STACK_SIZE            
UNDEFED   __TI_BINIT_Base         
UNDEFED   __TI_BINIT_Limit        
0000e6b2  __TI_CINIT_Base         
0000e6ba  __TI_CINIT_Limit        
0000e6a8  __TI_Handler_Table_Base 
0000e6ae  __TI_Handler_Table_Limit
UNDEFED   __TI_INITARRAY_Base     
UNDEFED   __TI_INITARRAY_Limit    
0000e66a  __TI_ISR_TRAP           
0000e304  __TI_decompress_lzss    
0000e636  __TI_decompress_none    
0000ffe4  __TI_int02              
0000ffe6  __TI_int03              
0000ffe8  __TI_int04              
0000ffea  __TI_int05              
0000fff0  __TI_int08              
0000fff2  __TI_int09              
0000fff4  __TI_int10              
0000fff6  __TI_int11              
0000fffc  __TI_int14              
ffffffff  __TI_pprof_out_hndl     
ffffffff  __TI_prof_data_size     
ffffffff  __TI_prof_data_start    
0000e5fa  __TI_zero_init          
ffffffff  __c_args__              
0000e666  __mspabi_func_epilog_1  
0000e664  __mspabi_func_epilog_2  
0000e662  __mspabi_func_epilog_3  
0000e660  __mspabi_func_epilog_4  
0000e65e  __mspabi_func_epilog_5  
0000e65c  __mspabi_func_epilog_6  
0000e65a  __mspabi_func_epilog_7  
0000e622  __mspabi_mpyi           
0000e622  __mspabi_mpyi_sw        
0000e526  __mspabi_slli           
0000e54e  __mspabi_slli_1         
0000e53c  __mspabi_slli_10        
0000e53a  __mspabi_slli_11        
0000e538  __mspabi_slli_12        
0000e536  __mspabi_slli_13        
0000e534  __mspabi_slli_14        
0000e532  __mspabi_slli_15        
0000e54c  __mspabi_slli_2         
0000e54a  __mspabi_slli_3         
0000e548  __mspabi_slli_4         
0000e546  __mspabi_slli_5         
0000e544  __mspabi_slli_6         
0000e542  __mspabi_slli_7         
0000e540  __mspabi_slli_8         
0000e53e  __mspabi_slli_9         
0000e4fa  __mspabi_srai           
0000e522  __mspabi_srai_1         
0000e510  __mspabi_srai_10        
0000e50e  __mspabi_srai_11        
0000e50c  __mspabi_srai_12        
0000e50a  __mspabi_srai_13        
0000e508  __mspabi_srai_14        
0000e506  __mspabi_srai_15        
0000e520  __mspabi_srai_2         
0000e51e  __mspabi_srai_3         
0000e51c  __mspabi_srai_4         
0000e51a  __mspabi_srai_5         
0000e518  __mspabi_srai_6         
0000e516  __mspabi_srai_7         
0000e514  __mspabi_srai_8         
0000e512  __mspabi_srai_9         
0000e4ae  __mspabi_srli           
0000e4f4  __mspabi_srli_1         
0000e4d0  __mspabi_srli_10        
0000e4cc  __mspabi_srli_11        
0000e4c8  __mspabi_srli_12        
0000e4c4  __mspabi_srli_13        
0000e4c0  __mspabi_srli_14        
0000e4bc  __mspabi_srli_15        
0000e4f0  __mspabi_srli_2         
0000e4ec  __mspabi_srli_3         
0000e4e8  __mspabi_srli_4         
0000e4e4  __mspabi_srli_5         
0000e4e0  __mspabi_srli_6         
0000e4dc  __mspabi_srli_7         
0000e4d8  __mspabi_srli_8         
0000e4d4  __mspabi_srli_9         
0000e380  _auto_init              
0000e5e0  _c_int00_noargs_noexit  
0000fffe  _reset_vector           
000002b0  _stack                  
0000e67c  _system_post_cinit      
0000e678  _system_pre_init        
0000e672  abort                   
0000e69f  ads1115_config_reg      
0000e69e  ads1115_conversion_reg  
0000e6a1  ads1115_hi_thresh_reg   
0000e6a0  ads1115_lo_thresh_reg   
0000e454  copy_in                 
0000e552  i2c_init                
0000e5c0  i2c_send_sequence       
00000208  i2c_state               
0000e3ee  main                    
0000e648  memcpy                  
0000e60e  memset                  
0000e26a  readAD1115              
0000e57c  readAD1115_configReg    
0000e59e  readAD1115_convReg      
0000e1ce  startAD1115_conv        


GLOBAL SYMBOLS: SORTED BY Symbol Address 

address   name                    
-------   ----                    
00000000  IE1                     
00000002  IFG1                    
00000020  P1IN                    
00000021  P1OUT                   
00000022  P1DIR                   
00000023  P1IFG                   
00000024  P1IES                   
00000025  P1IE                    
00000026  P1SEL                   
00000027  P1REN                   
00000028  P2IN                    
00000029  P2OUT                   
0000002a  P2DIR                   
0000002b  P2IFG                   
0000002c  P2IES                   
0000002d  P2IE                    
0000002e  P2SEL                   
0000002f  P2REN                   
00000041  P1SEL2                  
00000042  P2SEL2                  
00000048  ADC10DTC0               
00000049  ADC10DTC1               
0000004a  ADC10AE0                
00000050  __STACK_SIZE            
00000053  BCSCTL3                 
00000056  DCOCTL                  
00000057  BCSCTL1                 
00000058  BCSCTL2                 
00000059  CACTL1                  
0000005a  CACTL2                  
0000005b  CAPD                    
00000078  USICTL                  
00000078  USICTL0                 
00000079  USICTL1                 
0000007a  USICCTL                 
0000007a  USICKCTL                
0000007b  USICNT                  
0000007c  USISR                   
0000007c  USISRL                  
0000007d  USISRH                  
00000120  WDTCTL                  
00000128  FCTL1                   
0000012a  FCTL2                   
0000012c  FCTL3                   
0000012e  TA0IV                   
00000160  TA0CTL                  
00000162  TA0CCTL0                
00000164  TA0CCTL1                
00000166  TA0CCTL2                
00000170  TA0R                    
00000172  TA0CCR0                 
00000174  TA0CCR1                 
00000176  TA0CCR2                 
000001b0  ADC10CTL0               
000001b2  ADC10CTL1               
000001b4  ADC10MEM                
000001bc  ADC10SA                 
00000208  i2c_state               
000002b0  _stack                  
00000300  __STACK_END             
000010c0  TLV_CHECKSUM            
000010da  TLV_ADC10_1_TAG         
000010db  TLV_ADC10_1_LEN         
000010f6  TLV_DCO_30_TAG          
000010f7  TLV_DCO_30_LEN          
000010f8  CALDCO_16MHZ            
000010f9  CALBC1_16MHZ            
000010fa  CALDCO_12MHZ            
000010fb  CALBC1_12MHZ            
000010fc  CALDCO_8MHZ             
000010fd  CALBC1_8MHZ             
000010fe  CALDCO_1MHZ             
000010ff  CALBC1_1MHZ             
0000e000  USI_TXRX                
0000e1ce  startAD1115_conv        
0000e26a  readAD1115              
0000e304  __TI_decompress_lzss    
0000e380  _auto_init              
0000e3ee  main                    
0000e454  copy_in                 
0000e4ae  __mspabi_srli           
0000e4bc  __mspabi_srli_15        
0000e4c0  __mspabi_srli_14        
0000e4c4  __mspabi_srli_13        
0000e4c8  __mspabi_srli_12        
0000e4cc  __mspabi_srli_11        
0000e4d0  __mspabi_srli_10        
0000e4d4  __mspabi_srli_9         
0000e4d8  __mspabi_srli_8         
0000e4dc  __mspabi_srli_7         
0000e4e0  __mspabi_srli_6         
0000e4e4  __mspabi_srli_5         
0000e4e8  __mspabi_srli_4         
0000e4ec  __mspabi_srli_3         
0000e4f0  __mspabi_srli_2         
0000e4f4  __mspabi_srli_1         
0000e4fa  __mspabi_srai           
0000e506  __mspabi_srai_15        
0000e508  __mspabi_srai_14        
0000e50a  __mspabi_srai_13        
0000e50c  __mspabi_srai_12        
0000e50e  __mspabi_srai_11        
0000e510  __mspabi_srai_10        
0000e512  __mspabi_srai_9         
0000e514  __mspabi_srai_8         
0000e516  __mspabi_srai_7         
0000e518  __mspabi_srai_6         
0000e51a  __mspabi_srai_5         
0000e51c  __mspabi_srai_4         
0000e51e  __mspabi_srai_3         
0000e520  __mspabi_srai_2         
0000e522  __mspabi_srai_1         
0000e526  __mspabi_slli           
0000e532  __mspabi_slli_15        
0000e534  __mspabi_slli_14        
0000e536  __mspabi_slli_13        
0000e538  __mspabi_slli_12        
0000e53a  __mspabi_slli_11        
0000e53c  __mspabi_slli_10        
0000e53e  __mspabi_slli_9         
0000e540  __mspabi_slli_8         
0000e542  __mspabi_slli_7         
0000e544  __mspabi_slli_6         
0000e546  __mspabi_slli_5         
0000e548  __mspabi_slli_4         
0000e54a  __mspabi_slli_3         
0000e54c  __mspabi_slli_2         
0000e54e  __mspabi_slli_1         
0000e552  i2c_init                
0000e57c  readAD1115_configReg    
0000e59e  readAD1115_convReg      
0000e5c0  i2c_send_sequence       
0000e5e0  _c_int00_noargs_noexit  
0000e5fa  __TI_zero_init          
0000e60e  memset                  
0000e622  __mspabi_mpyi           
0000e622  __mspabi_mpyi_sw        
0000e636  __TI_decompress_none    
0000e648  memcpy                  
0000e65a  __mspabi_func_epilog_7  
0000e65c  __mspabi_func_epilog_6  
0000e65e  __mspabi_func_epilog_5  
0000e660  __mspabi_func_epilog_4  
0000e662  __mspabi_func_epilog_3  
0000e664  __mspabi_func_epilog_2  
0000e666  __mspabi_func_epilog_1  
0000e66a  __TI_ISR_TRAP           
0000e672  C$$EXIT                 
0000e672  abort                   
0000e678  _system_pre_init        
0000e67c  _system_post_cinit      
0000e69e  ads1115_conversion_reg  
0000e69f  ads1115_config_reg      
0000e6a0  ads1115_lo_thresh_reg   
0000e6a1  ads1115_hi_thresh_reg   
0000e6a8  __TI_Handler_Table_Base 
0000e6ae  __TI_Handler_Table_Limit
0000e6b2  __TI_CINIT_Base         
0000e6ba  __TI_CINIT_Limit        
0000ffe4  __TI_int02              
0000ffe6  __TI_int03              
0000ffe8  __TI_int04              
0000ffea  __TI_int05              
0000fff0  __TI_int08              
0000fff2  __TI_int09              
0000fff4  __TI_int10              
0000fff6  __TI_int11              
0000fffc  __TI_int14              
0000fffe  _reset_vector           
ffffffff  __TI_pprof_out_hndl     
ffffffff  __TI_prof_data_size     
ffffffff  __TI_prof_data_start    
ffffffff  __c_args__              
UNDEFED   __TI_BINIT_Base         
UNDEFED   __TI_BINIT_Limit        
UNDEFED   __TI_INITARRAY_Base     
UNDEFED   __TI_INITARRAY_Limit    

[177 symbols]
